[backblue.gif]
[fade.gif]
[index.html]
[www.dmv.ca.gov/imageserver/dmv/images/site/design01/header_bg.png]
[www.dmv.ca.gov/imageserver/dmv/images/site/design01/header_ca_gov.png]
[www.dmv.ca.gov/imageserver/dmv/images/site/design01/header_organization.png]
[www.dmv.ca.gov/imageserver/dmv/images/site/common/disabled_20x20.gif]
[www.dmv.ca.gov/imageserver/dmv/images/site/common/clear.gif]
[www.dmv.ca.gov/imageserver/dmv/images/site/design01/header_search_submitbutton.png]
[www.dmv.ca.gov/imageserver/dmv/images/site/home/making_appt.jpg]
[www.dmv.ca.gov/imageserver/dmv/images/legacy_plates/legacy_homesite_banner.jpg]
[www.dmv.ca.gov/imageserver/dmv/images/hmpg/banner/ab60_eng.jpg]
[www.dmv.ca.gov/imageserver/dmv/images/site/home/slider1.jpg]
[www.dmv.ca.gov/imageserver/dmv/images/hmpg/banner/hawdsurvey.png]
[www.dmv.ca.gov/imageserver/dmv/images/hmpg/banner/pedestrian_safety_banner.jpg]
[www.dmv.ca.gov/imageserver/dmv/images/site/home/slider4.jpg]
[www.dmv.ca.gov/imageserver/dmv/images/site/home/senior_ombud_en.jpg]
[www.dmv.ca.gov/imageserver/dmv/images/aoi/bicycle/bicycle_banner_hmpg.jpg]
[www.dmv.ca.gov/imageserver/dmv/images/site/content/bullet_star.png]
[www.dmv.ca.gov/imageserver/dmv/images/about/img/rss.png]
[www.dmv.ca.gov/imageserver/dmv/images/site/content/bullet_info.png]
[www.dmv.ca.gov/imageserver/dmv/images/gov_brown.gif]
[www.dmv.ca.gov/imageserver/dmv/images/sec_kelly.gif]
[www.dmv.ca.gov/imageserver/dmv/images/site/slideshow/slideshow_socmed.gif]
[www.dmv.ca.gov/imageserver/dmv/images/site/slideshow/slideshow_1.gif]
[www.dmv.ca.gov/imageserver/dmv/images/site/slideshow/slideshow_water.gif]
[www.dmv.ca.gov/imageserver/dmv/images/site/slideshow/slideshow_6.gif]
[www.dmv.ca.gov/imageserver/dmv/images/site/slideshow/slideshow_lowcostins.gif]
[www.dmv.ca.gov/imageserver/dmv/images/site/slideshow/slideshow_coveredca.gif]
[ajax.googleapis.com/ajax/libs/jquery/1.9.1/jquery.min.js]
[www.dmv.ca.gov/portal/home/dmv.html]
[www.dmv.ca.gov/imageserver/plumtree/common/private/js/jsincluder/LATEST/PTIncluder.js]
[www.dmv.ca.gov/portal/home/plumtree/common/private/js/index.html]
[www.dmv.ca.gov/imageserver/dmv/images/site/design01/body_background.png]
[www.dmv.ca.gov/imageserver/dmv/images/site/design01/header_search_textfield.png]
[www.dmv.ca.gov/imageserver/dmv/images/site/design01/header_search_radiobutton.png]
[www.dmv.ca.gov/imageserver/dmv/images/site/common/nav_divider.png]
[www.dmv.ca.gov/imageserver/dmv/images/site/common/nav_highlight.png]
[www.dmv.ca.gov/imageserver/dmv/images/site/common/page_content_shadow.png]
[www.dmv.ca.gov/imageserver/dmv/images/site/home/ribbon.png]
[www.dmv.ca.gov/imageserver/dmv/images/site/design01/footer_bottom_shadow.png]
[www.dmv.ca.gov/imageserver/dmv/images/site/content/bullet_arrow_right_green.png]
[www.dmv.ca.gov/imageserver/dmv/images/site/content/bullet_blue_disc.png]
[www.dmv.ca.gov/imageserver/dmv/images/ca_master/warning_bg.gif]
[www.dmv.ca.gov/imageserver/dmv/images/site/home/testimonial_container_bg.jpg]
[www.dmv.ca.gov/imageserver/dmv/images/site/home/outage_container_bg.jpg]
[www.dmv.ca.gov/imageserver/dmv/css/site_styles.css]
[www.dmv.ca.gov/imageserver/dmv/images/site/common/block_with_image_corners.gif]
[www.dmv.ca.gov/imageserver/dmv/css/site_box_with_rounded_corners.css]
[www.dmv.ca.gov/imageserver/dmv/images/site/common/nav_shadow.png]
[www.dmv.ca.gov/imageserver/dmv/css/site_navigation.css]
[www.dmv.ca.gov/imageserver/dmv/images/site/design01/footer_bg.png]
[www.dmv.ca.gov/imageserver/dmv/images/site/design01/footer_curve.png]
[www.dmv.ca.gov/imageserver/dmv/css/site_design01.css]
[www.dmv.ca.gov/imageserver/dmv/css/site_footer_with_dark_container.css]
[www.dmv.ca.gov/imageserver/dmv/css/vc.css]
[www.dmv.ca.gov/imageserver/dmv/images/blue_bar_20.gif]
[www.dmv.ca.gov/imageserver/dmv/images/bullet_square.gif]
[www.dmv.ca.gov/imageserver/dmv/images/ico/remove.gif]
[www.dmv.ca.gov/imageserver/dmv/images/ico/cart.gif]
[www.dmv.ca.gov/imageserver/dmv/images/ico/print.gif]
[www.dmv.ca.gov/imageserver/dmv/images/btn_gray_bg.gif]
[www.dmv.ca.gov/imageserver/dmv/images/btn_gray_hover_bg.gif]
[www.dmv.ca.gov/imageserver/dmv/images/btn_blue_bg.gif]
[www.dmv.ca.gov/imageserver/dmv/images/btn_blue_hover_bg.gif]
[www.dmv.ca.gov/imageserver/dmv/css/site_dmv_app.css]
[www.dmv.ca.gov/imageserver/dmv/js/site_scripts.js]
[www.dmv.ca.gov/imageserver/plumtree/portal/private/js/dojo.js]
[www.dmv.ca.gov/imageserver/plumtree/portal/private/js/ptcommonopener.js]
[www.dmv.ca.gov/imageserver/dmv/js/site_wz_tooltip.js]
[www.dmv.ca.gov/portal/home/dmv9ed2.html]
[www.dmv.ca.gov/imageserver/dmv/images/site/design01/header_organization_es.png]
[www.dmv.ca.gov/imageserver/dmv/images/site/home/appt_es.jpg]
[www.dmv.ca.gov/imageserver/dmv/images/hmpg/banner/ab60_span.jpg]
[www.dmv.ca.gov/imageserver/dmv/images/es/legacy_plates/banner.jpg]
[www.dmv.ca.gov/imageserver/dmv/images/site/home/slider1es.jpg]
[www.dmv.ca.gov/imageserver/dmv/images/es/site/home/agriculture_plt_es.jpg]
[www.dmv.ca.gov/imageserver/dmv/images/es/aoi/bicycle/ridesafely_banner1.jpg]
[www.dmv.ca.gov/imageserver/dmv/images/site/home/senior_ombud_es.jpg]
[www.dmv.ca.gov/imageserver/dmv/images/site/home/slider2es.jpg]
[www.dmv.ca.gov/imageserver/dmv/images/es/site/slideshow/slideshow_socmed_es.gif]
[www.dmv.ca.gov/imageserver/dmv/images/es/site/slideshow/slideshow_lowcostins.gif]
[www.dmv.ca.gov/imageserver/dmv/images/es/site/slideshow/slideshow_donatelife1.gif]
[www.dmv.ca.gov/imageserver/dmv/images/es/site/slideshow/slideshow_savewater.jpg]
[www.dmv.ca.gov/imageserver/dmv/images/es/site/slideshow/slideshow_nmvb1.gif]
[www.dmv.ca.gov/imageserver/dmv/images/es/site/slideshow/slideshow_coveredca.gif]
[www.dmv.ca.gov/portal/home/dmvc69a.html]
[www.dmv.ca.gov/imageserver/dmv/images/rss/rss_monitor.jpg]
[www.dmv.ca.gov/imageserver/dmv/images/about/rss2.png]
[www.dmv.ca.gov/images/about/rss.jpg]
[www.dmv.ca.gov/portal/home/rss.html]
[www.dmv.ca.gov/imageserver/dmv/images/site/content/bullet_arrow_right.png]
[www.dmv.ca.gov/imageserver/dmv/images/site/common/tabpanel_divider.png]
[www.dmv.ca.gov/imageserver/dmv/css/site_tabpanel.css]
[www.dmv.ca.gov/imageserver/dmv/js/site_tabpanel.js]
[www.dmv.ca.gov/imageserver/dmv/images/site/common/slideshow_arrows.png]
[www.dmv.ca.gov/imageserver/dmv/css/site_slideshow.css]
[www.dmv.ca.gov/portal/home/component.html]
[www.google.com/afsonline/show_afs_search.js]
[www.dmv.ca.gov/portal/home/dmvsearch.html]
[www.dmv.ca.gov/portal/home/^(([^_/indexd41d.html]
[www.dmv.ca.gov/portal/home/Version/index.html]
[www.dmv.ca.gov/portal/home/Firefox/index.html]
[www.dmv.ca.gov/portal/home/GET.html]
[www.dmv.ca.gov/portal/home/OpenerAS_GetApplicationBaseURL.html]
[www.dmv.ca.gov/portal/home/mcs/mcsc69a.html]
[www.dmv.ca.gov/imageserver/dmv/images/ol/video_icon.gif]
[www.dmv.ca.gov/imageserver/dmv/images/about/rss.jpg]
[www.dmv.ca.gov/portal/home/rss9ed2.html]
[www.dmv.ca.gov/portal/home/dmvsearch9ed2.html]
[www.dmv.ca.gov/portal/home/rssc69a.html]
[www.dmv.ca.gov/portal/home/dmvsearchc69a.html]
